#-----------------------------------------------------------
# Vivado v2024.1 (64-bit)
# SW Build 5076996 on Wed May 22 18:37:14 MDT 2024
# IP Build 5075265 on Wed May 22 21:45:21 MDT 2024
# SharedData Build 5076995 on Wed May 22 18:29:18 MDT 2024
# Start of session at: Mon Nov  4 22:39:12 2024
# Process ID: 31516
# Current directory: C:/Users/mures/OneDrive/Desktop/SSC/PROIECT_SSC/SPI_PROTOCOL
# Command line: vivado.exe -gui_launcher_event rodinguilauncherevent27852 C:\Users\mures\OneDrive\Desktop\SSC\PROIECT_SSC\SPI_PROTOCOL\SPI_PROTOCOL.xpr
# Log file: C:/Users/mures/OneDrive/Desktop/SSC/PROIECT_SSC/SPI_PROTOCOL/vivado.log
# Journal file: C:/Users/mures/OneDrive/Desktop/SSC/PROIECT_SSC/SPI_PROTOCOL\vivado.jou
# Running On        :DESKTOP-PR0OU4A
# Platform          :Windows Server 2016 or Windows 10
# Operating System  :19045
# Processor Detail  :AMD Ryzen 7 5800H with Radeon Graphics         
# CPU Frequency     :3194 MHz
# CPU Physical cores:8
# CPU Logical cores :16
# Host memory       :33130 MB
# Swap memory       :33130 MB
# Total Virtual     :66261 MB
# Available Virtual :48728 MB
#-----------------------------------------------------------
start_gui
open_project C:/Users/mures/OneDrive/Desktop/SSC/PROIECT_SSC/SPI_PROTOCOL/SPI_PROTOCOL.xpr
