#-----------------------------------------------------------
# Vivado v2024.1 (64-bit)
# SW Build 5076996 on Wed May 22 18:37:14 MDT 2024
# IP Build 5075265 on Wed May 22 21:45:21 MDT 2024
# SharedData Build 5076995 on Wed May 22 18:29:18 MDT 2024
# Start of session at: Wed Dec 18 08:02:29 2024
# Process ID: 24596
# Current directory: C:/Users/mures/OneDrive/Desktop/SSC/PROIECT_SSC/I2C_PTOTOCOL/I2C_PTOTOCOL.runs/synth_1
# Command line: vivado.exe -log I2C_Master.vds -product Vivado -mode batch -messageDb vivado.pb -notrace -source I2C_Master.tcl
# Log file: C:/Users/mures/OneDrive/Desktop/SSC/PROIECT_SSC/I2C_PTOTOCOL/I2C_PTOTOCOL.runs/synth_1/I2C_Master.vds
# Journal file: C:/Users/mures/OneDrive/Desktop/SSC/PROIECT_SSC/I2C_PTOTOCOL/I2C_PTOTOCOL.runs/synth_1\vivado.jou
# Running On        :DESKTOP-PR0OU4A
# Platform          :Windows Server 2016 or Windows 10
# Operating System  :19045
# Processor Detail  :AMD Ryzen 7 5800H with Radeon Graphics         
# CPU Frequency     :3194 MHz
# CPU Physical cores:8
# CPU Logical cores :16
# Host memory       :33130 MB
# Swap memory       :30064 MB
# Total Virtual     :63195 MB
# Available Virtual :39227 MB
#-----------------------------------------------------------
source I2C_Master.tcl -notrace
